u_sequenc
......... (  0.00)
......... [ -0.00]
......... {  0.00 d=0.00}
 frequency of mfe structure in ensemble 1; ensemble diversity 0.00  
GGGCUAUUAGCUCAGUUGGUUAGAGCGCACCCCUGAUAAGGGUGAGGUCGCUGAUUCGAAUUCAGCAUAGCCCA
(((((((..((((.........)))).(((((.......))))).....(((((.......)))))))))))). (-28.00)
(((((((..(((,,,,,,,...}|||,((((({{....})))))....,|||{{....,.,)})))))))))). [-29.19]
(((((((....................((((..(....).)))).....(((((.......)))))))))))). {-17.40 d=14.13}
 frequency of mfe structure in ensemble 0.145272; ensemble diversity 18.09 
